[0.008s] Invoking command in '/home/joshua/Desktop/ros2_ws/build/so100_robot': CMAKE_PREFIX_PATH=${CMAKE_PREFIX_PATH}:/opt/ros/humble PS1=\u@\h:\w $(parse_git_branch)\$ /usr/bin/cmake --build /home/joshua/Desktop/ros2_ws/build/so100_robot -- -j12 -l12
[0.038s] Invoked command in '/home/joshua/Desktop/ros2_ws/build/so100_robot' returned '0': CMAKE_PREFIX_PATH=${CMAKE_PREFIX_PATH}:/opt/ros/humble PS1=\u@\h:\w $(parse_git_branch)\$ /usr/bin/cmake --build /home/joshua/Desktop/ros2_ws/build/so100_robot -- -j12 -l12
[0.045s] Invoking command in '/home/joshua/Desktop/ros2_ws/build/so100_robot': CMAKE_PREFIX_PATH=${CMAKE_PREFIX_PATH}:/opt/ros/humble PS1=\u@\h:\w $(parse_git_branch)\$ /usr/bin/cmake --install /home/joshua/Desktop/ros2_ws/build/so100_robot
[0.050s] -- Install configuration: ""
[0.050s] -- Execute custom install script
[0.050s] -- Up-to-date symlink: /home/joshua/Desktop/ros2_ws/install/so100_robot/share/so100_robot/launch/spawn.launch.py
[0.050s] -- Up-to-date symlink: /home/joshua/Desktop/ros2_ws/install/so100_robot/share/ament_index/resource_index/package_run_dependencies/so100_robot
[0.050s] -- Up-to-date symlink: /home/joshua/Desktop/ros2_ws/install/so100_robot/share/ament_index/resource_index/parent_prefix_path/so100_robot
[0.051s] -- Up-to-date symlink: /home/joshua/Desktop/ros2_ws/install/so100_robot/share/so100_robot/environment/ament_prefix_path.sh
[0.051s] -- Up-to-date symlink: /home/joshua/Desktop/ros2_ws/install/so100_robot/share/so100_robot/environment/ament_prefix_path.dsv
[0.051s] -- Up-to-date symlink: /home/joshua/Desktop/ros2_ws/install/so100_robot/share/so100_robot/environment/path.sh
[0.051s] -- Up-to-date symlink: /home/joshua/Desktop/ros2_ws/install/so100_robot/share/so100_robot/environment/path.dsv
[0.051s] -- Up-to-date symlink: /home/joshua/Desktop/ros2_ws/install/so100_robot/share/so100_robot/local_setup.bash
[0.051s] -- Up-to-date symlink: /home/joshua/Desktop/ros2_ws/install/so100_robot/share/so100_robot/local_setup.sh
[0.051s] -- Up-to-date symlink: /home/joshua/Desktop/ros2_ws/install/so100_robot/share/so100_robot/local_setup.zsh
[0.051s] -- Up-to-date symlink: /home/joshua/Desktop/ros2_ws/install/so100_robot/share/so100_robot/local_setup.dsv
[0.052s] -- Symlinking: /home/joshua/Desktop/ros2_ws/install/so100_robot/share/so100_robot/package.dsv
[0.058s] -- Up-to-date symlink: /home/joshua/Desktop/ros2_ws/install/so100_robot/share/ament_index/resource_index/packages/so100_robot
[0.058s] -- Up-to-date symlink: /home/joshua/Desktop/ros2_ws/install/so100_robot/share/so100_robot/cmake/so100_robotConfig.cmake
[0.058s] -- Up-to-date symlink: /home/joshua/Desktop/ros2_ws/install/so100_robot/share/so100_robot/cmake/so100_robotConfig-version.cmake
[0.058s] -- Up-to-date symlink: /home/joshua/Desktop/ros2_ws/install/so100_robot/share/so100_robot/package.xml
[0.060s] Invoked command in '/home/joshua/Desktop/ros2_ws/build/so100_robot' returned '0': CMAKE_PREFIX_PATH=${CMAKE_PREFIX_PATH}:/opt/ros/humble PS1=\u@\h:\w $(parse_git_branch)\$ /usr/bin/cmake --install /home/joshua/Desktop/ros2_ws/build/so100_robot
