[0.008s] Invoking command in '/home/joshua/Desktop/ros2_ws/build/so100_robot': CMAKE_PREFIX_PATH=/opt/ros/humble PS1=\u@\h:\w $(parse_git_branch)\$ /usr/bin/cmake /home/joshua/Desktop/ros2_ws/src/so100_robot -DCMAKE_INSTALL_PREFIX=/home/joshua/Desktop/ros2_ws/install/so100_robot
[0.113s] -- The C compiler identification is GNU 11.4.0
[0.184s] -- The CXX compiler identification is GNU 11.4.0
[0.192s] -- Detecting C compiler ABI info
[0.245s] -- Detecting C compiler ABI info - done
[0.252s] -- Check for working C compiler: /usr/bin/cc - skipped
[0.252s] -- Detecting C compile features
[0.253s] -- Detecting C compile features - done
[0.255s] -- Detecting CXX compiler ABI info
[0.332s] -- Detecting CXX compiler ABI info - done
[0.343s] -- Check for working CXX compiler: /usr/bin/c++ - skipped
[0.343s] -- Detecting CXX compile features
[0.344s] -- Detecting CXX compile features - done
[0.351s] -- Found ament_cmake: 1.3.11 (/opt/ros/humble/share/ament_cmake/cmake)
[0.473s] -- Found Python3: /usr/bin/python3 (found version "3.10.12") found components: Interpreter 
[0.587s] -- Found ament_lint_auto: 0.12.11 (/opt/ros/humble/share/ament_lint_auto/cmake)
[0.589s] -- Found rclpy: 3.3.15 (/opt/ros/humble/share/rclpy/cmake)
[0.591s] -- Found robot_state_publisher: 3.0.3 (/opt/ros/humble/share/robot_state_publisher/cmake)
[0.641s] -- Found rosidl_generator_c: 3.1.6 (/opt/ros/humble/share/rosidl_generator_c/cmake)
[0.646s] -- Found rosidl_adapter: 3.1.6 (/opt/ros/humble/share/rosidl_adapter/cmake)
[0.655s] -- Found rosidl_generator_cpp: 3.1.6 (/opt/ros/humble/share/rosidl_generator_cpp/cmake)
[0.671s] -- Using all available rosidl_typesupport_c: rosidl_typesupport_fastrtps_c;rosidl_typesupport_introspection_c
[0.691s] -- Using all available rosidl_typesupport_cpp: rosidl_typesupport_fastrtps_cpp;rosidl_typesupport_introspection_cpp
[0.786s] -- Found eigen3_cmake_module: 0.1.1 (/opt/ros/humble/share/eigen3_cmake_module/cmake)
[0.788s] -- Found Eigen3: TRUE (found version "3.4.0") 
[0.788s] -- Ensuring Eigen3 include directory is part of orocos-kdl CMake target
[0.845s] -- Found rmw_implementation_cmake: 6.1.2 (/opt/ros/humble/share/rmw_implementation_cmake/cmake)
[0.848s] -- Found rmw_fastrtps_cpp: 6.2.7 (/opt/ros/humble/share/rmw_fastrtps_cpp/cmake)
[0.931s] -- Found OpenSSL: /usr/lib/x86_64-linux-gnu/libcrypto.so (found version "3.0.2")  
[0.963s] -- Found FastRTPS: /opt/ros/humble/include  
[1.012s] -- Using RMW implementation 'rmw_fastrtps_cpp' as default
[1.025s] -- Looking for pthread.h
[1.115s] -- Looking for pthread.h - found
[1.115s] -- Performing Test CMAKE_HAVE_LIBC_PTHREAD
[1.199s] -- Performing Test CMAKE_HAVE_LIBC_PTHREAD - Success
[1.201s] -- Found Threads: TRUE  
[1.387s] -- Found gazebo_ros: 3.9.0 (/opt/ros/humble/share/gazebo_ros/cmake)
[1.396s] -- Found PkgConfig: /usr/bin/pkg-config (found version "0.29.2") 
[1.397s] -- Checking for module 'bullet>=2.82'
[1.405s] --   Found bullet, version 3.05
[1.470s] -- Found fcl: /usr/include (found suitable version "0.7.0", minimum required is "0.5.0") 
[1.501s] -- Found assimp: /usr/include (found version "5.2.0") 
[1.521s] -- Found DART: /usr/include (Required is at least version "6.6") found components: dart 
[1.543s] -- Found Boost: /usr/lib/x86_64-linux-gnu/cmake/Boost-1.74.0/BoostConfig.cmake (found suitable version "1.74.0", minimum required is "1.40.0") found components: thread system filesystem program_options regex iostreams date_time 
[1.559s] -- Found Protobuf: /usr/lib/x86_64-linux-gnu/libprotobuf.so (found version "3.12.4") 
[1.563s] -- Looking for ignition-math6 -- found version 6.15.1
[1.570s] -- Searching for dependencies of ignition-math6
[1.572s] -- Looking for OGRE...
[1.572s] -- OGRE_PREFIX_WATCH changed.
[1.576s] -- Checking for module 'OGRE'
[1.583s] --   Found OGRE, version 1.9.0
[1.603s] -- Found Ogre Ghadamon (1.9.0)
[1.608s] -- Found OGRE: optimized;/usr/lib/x86_64-linux-gnu/libOgreMain.so;debug;/usr/lib/x86_64-linux-gnu/libOgreMain.so
[1.617s] -- Looking for OGRE_Paging...
[1.622s] -- Found OGRE_Paging: optimized;/usr/lib/x86_64-linux-gnu/libOgrePaging.so;debug;/usr/lib/x86_64-linux-gnu/libOgrePaging.so
[1.622s] -- Looking for OGRE_Terrain...
[1.627s] -- Found OGRE_Terrain: optimized;/usr/lib/x86_64-linux-gnu/libOgreTerrain.so;debug;/usr/lib/x86_64-linux-gnu/libOgreTerrain.so
[1.628s] -- Looking for OGRE_Property...
[1.633s] -- Found OGRE_Property: optimized;/usr/lib/x86_64-linux-gnu/libOgreProperty.so;debug;/usr/lib/x86_64-linux-gnu/libOgreProperty.so
[1.634s] -- Looking for OGRE_RTShaderSystem...
[1.639s] -- Found OGRE_RTShaderSystem: optimized;/usr/lib/x86_64-linux-gnu/libOgreRTShaderSystem.so;debug;/usr/lib/x86_64-linux-gnu/libOgreRTShaderSystem.so
[1.639s] -- Looking for OGRE_Volume...
[1.645s] -- Found OGRE_Volume: optimized;/usr/lib/x86_64-linux-gnu/libOgreVolume.so;debug;/usr/lib/x86_64-linux-gnu/libOgreVolume.so
[1.645s] -- Looking for OGRE_Overlay...
[1.651s] -- Found OGRE_Overlay: optimized;/usr/lib/x86_64-linux-gnu/libOgreOverlay.so;debug;/usr/lib/x86_64-linux-gnu/libOgreOverlay.so
[1.747s] -- Looking for ignition-math6 -- found version 6.15.1
[1.749s] -- Looking for ignition-transport8 -- found version 8.2.1
[1.750s] -- Searching for dependencies of ignition-transport8
[1.766s] -- Found Protobuf: /usr/lib/x86_64-linux-gnu/libprotobuf.so (found suitable version "3.12.4", minimum required is "3") 
[1.777s] -- Config-file not installed for ZeroMQ -- checking for pkg-config
[1.783s] -- Checking for module 'libzmq >= 4'
[1.799s] --   Found libzmq , version 4.3.4
[1.838s] -- Found ZeroMQ: TRUE (Required is at least version "4") 
[1.846s] -- Checking for module 'uuid'
[1.859s] --   Found uuid, version 2.37.2
[1.894s] -- Found UUID: TRUE  
[1.897s] -- Looking for ignition-msgs5 -- found version 5.8.1
[1.898s] -- Searching for dependencies of ignition-msgs5
[1.914s] -- Looking for ignition-math6 -- found version 6.15.1
[1.918s] -- Checking for module 'tinyxml2'
[1.927s] --   Found tinyxml2, version 9.0.0
[1.951s] -- Looking for ignition-msgs5 -- found version 5.8.1
[1.953s] -- Looking for ignition-common3 -- found version 3.14.0
[1.954s] -- Searching for dependencies of ignition-common3
[1.954s] -- Looking for dlfcn.h - found
[1.955s] -- Looking for libdl - found
[1.956s] -- Found DL: TRUE  
[1.965s] -- Found tinyobjloader: /usr/lib/x86_64-linux-gnu/cmake/tinyobjloader/tinyobjloader-config.cmake (found version "2.0.0") 
[1.966s] -- Searching for <ignition-common3> component [graphics]
[1.968s] -- Looking for ignition-common3-graphics -- found version 3.14.0
[1.968s] -- Searching for dependencies of ignition-common3-graphics
[1.969s] -- Looking for ignition-math6 -- found version 6.15.1
[1.972s] -- Looking for ignition-fuel_tools4 -- found version 4.4.0
[1.972s] -- Searching for dependencies of ignition-fuel_tools4
[2.035s] -- Found CURL: /usr/lib/x86_64-linux-gnu/libcurl.so (found version "7.81.0")  
[2.043s] -- Checking for module 'jsoncpp'
[2.053s] --   Found jsoncpp, version 1.9.5
[2.079s] -- Found JSONCPP: TRUE  
[2.083s] -- Checking for module 'libzip'
[2.093s] --   Found libzip, version 1.7.3
[2.114s] -- Found ZIP: TRUE  
[2.115s] -- Looking for ignition-common3 -- found version 3.14.0
[2.115s] -- Looking for ignition-math6 -- found version 6.15.1
[2.115s] -- Looking for ignition-msgs5 -- found version 5.8.1
[2.120s] -- Gazebo version: 11.10
[2.120s] -- Checking for module 'tbb'
[2.131s] --   Found tbb, version 2021.5.0
[2.223s] -- Added test 'flake8' to check Python code syntax and style conventions
[2.223s] -- Added test 'lint_cmake' to check CMake code style
[2.224s] -- Added test 'pep257' to check Python code against some of the docstring style conventions in PEP 257
[2.225s] -- Added test 'xmllint' to check XML markup files
[2.226s] -- Configuring done
[2.231s] -- Generating done
[2.234s] -- Build files have been written to: /home/joshua/Desktop/ros2_ws/build/so100_robot
[2.244s] Invoked command in '/home/joshua/Desktop/ros2_ws/build/so100_robot' returned '0': CMAKE_PREFIX_PATH=/opt/ros/humble PS1=\u@\h:\w $(parse_git_branch)\$ /usr/bin/cmake /home/joshua/Desktop/ros2_ws/src/so100_robot -DCMAKE_INSTALL_PREFIX=/home/joshua/Desktop/ros2_ws/install/so100_robot
[2.246s] Invoking command in '/home/joshua/Desktop/ros2_ws/build/so100_robot': CMAKE_PREFIX_PATH=/opt/ros/humble PS1=\u@\h:\w $(parse_git_branch)\$ /usr/bin/cmake --build /home/joshua/Desktop/ros2_ws/build/so100_robot -- -j12 -l12
[2.279s] Invoked command in '/home/joshua/Desktop/ros2_ws/build/so100_robot' returned '0': CMAKE_PREFIX_PATH=/opt/ros/humble PS1=\u@\h:\w $(parse_git_branch)\$ /usr/bin/cmake --build /home/joshua/Desktop/ros2_ws/build/so100_robot -- -j12 -l12
[2.287s] Invoking command in '/home/joshua/Desktop/ros2_ws/build/so100_robot': CMAKE_PREFIX_PATH=/opt/ros/humble PS1=\u@\h:\w $(parse_git_branch)\$ /usr/bin/cmake --install /home/joshua/Desktop/ros2_ws/build/so100_robot
[2.292s] -- Install configuration: ""
[2.292s] -- Installing: /home/joshua/Desktop/ros2_ws/install/so100_robot/share/ament_index/resource_index/package_run_dependencies/so100_robot
[2.292s] -- Installing: /home/joshua/Desktop/ros2_ws/install/so100_robot/share/ament_index/resource_index/parent_prefix_path/so100_robot
[2.292s] -- Installing: /home/joshua/Desktop/ros2_ws/install/so100_robot/share/so100_robot/environment/ament_prefix_path.sh
[2.293s] -- Installing: /home/joshua/Desktop/ros2_ws/install/so100_robot/share/so100_robot/environment/ament_prefix_path.dsv
[2.293s] -- Installing: /home/joshua/Desktop/ros2_ws/install/so100_robot/share/so100_robot/environment/path.sh
[2.293s] -- Installing: /home/joshua/Desktop/ros2_ws/install/so100_robot/share/so100_robot/environment/path.dsv
[2.293s] -- Installing: /home/joshua/Desktop/ros2_ws/install/so100_robot/share/so100_robot/local_setup.bash
[2.293s] -- Installing: /home/joshua/Desktop/ros2_ws/install/so100_robot/share/so100_robot/local_setup.sh
[2.293s] -- Installing: /home/joshua/Desktop/ros2_ws/install/so100_robot/share/so100_robot/local_setup.zsh
[2.293s] -- Installing: /home/joshua/Desktop/ros2_ws/install/so100_robot/share/so100_robot/local_setup.dsv
[2.293s] -- Installing: /home/joshua/Desktop/ros2_ws/install/so100_robot/share/so100_robot/package.dsv
[2.293s] -- Installing: /home/joshua/Desktop/ros2_ws/install/so100_robot/share/ament_index/resource_index/packages/so100_robot
[2.293s] -- Installing: /home/joshua/Desktop/ros2_ws/install/so100_robot/share/so100_robot/cmake/so100_robotConfig.cmake
[2.294s] -- Installing: /home/joshua/Desktop/ros2_ws/install/so100_robot/share/so100_robot/cmake/so100_robotConfig-version.cmake
[2.294s] -- Installing: /home/joshua/Desktop/ros2_ws/install/so100_robot/share/so100_robot/package.xml
[2.295s] Invoked command in '/home/joshua/Desktop/ros2_ws/build/so100_robot' returned '0': CMAKE_PREFIX_PATH=/opt/ros/humble PS1=\u@\h:\w $(parse_git_branch)\$ /usr/bin/cmake --install /home/joshua/Desktop/ros2_ws/build/so100_robot
