[0.012s] Invoking command in '/home/joshua/Desktop/ros2_ws/build/so100_robot': CMAKE_PREFIX_PATH=${CMAKE_PREFIX_PATH}:/opt/ros/humble PS1=\u@\h:\w $(parse_git_branch)\$ /usr/bin/cmake /home/joshua/Desktop/ros2_ws/src/so100_robot -DAMENT_CMAKE_SYMLINK_INSTALL=1 -DCMAKE_INSTALL_PREFIX=/home/joshua/Desktop/ros2_ws/install/so100_robot
[0.026s] -- Found ament_cmake: 1.3.11 (/opt/ros/humble/share/ament_cmake/cmake)
[0.177s] -- Override CMake install command with custom implementation using symlinks instead of copying resources
[0.188s] -- Found ament_lint_auto: 0.12.11 (/opt/ros/humble/share/ament_lint_auto/cmake)
[0.188s] -- Found rclpy: 3.3.15 (/opt/ros/humble/share/rclpy/cmake)
[0.188s] -- Found robot_state_publisher: 3.0.3 (/opt/ros/humble/share/robot_state_publisher/cmake)
[0.220s] -- Found rosidl_generator_c: 3.1.6 (/opt/ros/humble/share/rosidl_generator_c/cmake)
[0.223s] -- Found rosidl_adapter: 3.1.6 (/opt/ros/humble/share/rosidl_adapter/cmake)
[0.231s] -- Found rosidl_generator_cpp: 3.1.6 (/opt/ros/humble/share/rosidl_generator_cpp/cmake)
[0.244s] -- Using all available rosidl_typesupport_c: rosidl_typesupport_fastrtps_c;rosidl_typesupport_introspection_c
[0.260s] -- Using all available rosidl_typesupport_cpp: rosidl_typesupport_fastrtps_cpp;rosidl_typesupport_introspection_cpp
[0.315s] -- Found eigen3_cmake_module: 0.1.1 (/opt/ros/humble/share/eigen3_cmake_module/cmake)
[0.316s] -- Ensuring Eigen3 include directory is part of orocos-kdl CMake target
[0.354s] -- Found rmw_implementation_cmake: 6.1.2 (/opt/ros/humble/share/rmw_implementation_cmake/cmake)
[0.356s] -- Found rmw_fastrtps_cpp: 6.2.7 (/opt/ros/humble/share/rmw_fastrtps_cpp/cmake)
[0.475s] -- Using RMW implementation 'rmw_fastrtps_cpp' as default
[0.690s] -- Found gazebo_ros: 3.9.0 (/opt/ros/humble/share/gazebo_ros/cmake)
[0.728s] -- Found DART: /usr/include (Required is at least version "6.6") found components: dart 
[0.761s] -- Found Protobuf: /usr/lib/x86_64-linux-gnu/libprotobuf.so (found version "3.12.4") 
[0.762s] -- Looking for ignition-math6 -- found version 6.15.1
[0.768s] -- Searching for dependencies of ignition-math6
[0.769s] -- Looking for OGRE...
[0.776s] -- Found Ogre Ghadamon (1.9.0)
[0.776s] -- Found OGRE: optimized;/usr/lib/x86_64-linux-gnu/libOgreMain.so;debug;/usr/lib/x86_64-linux-gnu/libOgreMain.so
[0.788s] -- Looking for OGRE_Paging...
[0.788s] -- Found OGRE_Paging: optimized;/usr/lib/x86_64-linux-gnu/libOgrePaging.so;debug;/usr/lib/x86_64-linux-gnu/libOgrePaging.so
[0.788s] -- Looking for OGRE_Terrain...
[0.789s] -- Found OGRE_Terrain: optimized;/usr/lib/x86_64-linux-gnu/libOgreTerrain.so;debug;/usr/lib/x86_64-linux-gnu/libOgreTerrain.so
[0.789s] -- Looking for OGRE_Property...
[0.789s] -- Found OGRE_Property: optimized;/usr/lib/x86_64-linux-gnu/libOgreProperty.so;debug;/usr/lib/x86_64-linux-gnu/libOgreProperty.so
[0.789s] -- Looking for OGRE_RTShaderSystem...
[0.789s] -- Found OGRE_RTShaderSystem: optimized;/usr/lib/x86_64-linux-gnu/libOgreRTShaderSystem.so;debug;/usr/lib/x86_64-linux-gnu/libOgreRTShaderSystem.so
[0.789s] -- Looking for OGRE_Volume...
[0.789s] -- Found OGRE_Volume: optimized;/usr/lib/x86_64-linux-gnu/libOgreVolume.so;debug;/usr/lib/x86_64-linux-gnu/libOgreVolume.so
[0.789s] -- Looking for OGRE_Overlay...
[0.789s] -- Found OGRE_Overlay: optimized;/usr/lib/x86_64-linux-gnu/libOgreOverlay.so;debug;/usr/lib/x86_64-linux-gnu/libOgreOverlay.so
[0.909s] -- Looking for ignition-math6 -- found version 6.15.1
[0.910s] -- Looking for ignition-transport8 -- found version 8.2.1
[0.910s] -- Searching for dependencies of ignition-transport8
[0.929s] -- Found Protobuf: /usr/lib/x86_64-linux-gnu/libprotobuf.so (found suitable version "3.12.4", minimum required is "3") 
[0.941s] -- Config-file not installed for ZeroMQ -- checking for pkg-config
[0.946s] -- Checking for module 'libzmq >= 4'
[0.959s] --   Found libzmq , version 4.3.4
[1.000s] -- Checking for module 'uuid'
[1.012s] --   Found uuid, version 2.37.2
[1.045s] -- Looking for ignition-msgs5 -- found version 5.8.1
[1.045s] -- Searching for dependencies of ignition-msgs5
[1.066s] -- Looking for ignition-math6 -- found version 6.15.1
[1.074s] -- Looking for ignition-msgs5 -- found version 5.8.1
[1.074s] -- Looking for ignition-common3 -- found version 3.14.0
[1.075s] -- Searching for dependencies of ignition-common3
[1.075s] -- Looking for dlfcn.h - found
[1.075s] -- Looking for libdl - found
[1.088s] -- Searching for <ignition-common3> component [graphics]
[1.088s] -- Looking for ignition-common3-graphics -- found version 3.14.0
[1.089s] -- Searching for dependencies of ignition-common3-graphics
[1.089s] -- Looking for ignition-math6 -- found version 6.15.1
[1.091s] -- Looking for ignition-fuel_tools4 -- found version 4.4.0
[1.091s] -- Searching for dependencies of ignition-fuel_tools4
[1.131s] -- Checking for module 'jsoncpp'
[1.144s] --   Found jsoncpp, version 1.9.5
[1.182s] -- Checking for module 'libzip'
[1.195s] --   Found libzip, version 1.7.3
[1.227s] -- Looking for ignition-common3 -- found version 3.14.0
[1.228s] -- Looking for ignition-math6 -- found version 6.15.1
[1.229s] -- Looking for ignition-msgs5 -- found version 5.8.1
[1.231s] -- Gazebo version: 11.10
[1.320s] -- Added test 'flake8' to check Python code syntax and style conventions
[1.321s] -- Added test 'lint_cmake' to check CMake code style
[1.321s] -- Added test 'pep257' to check Python code against some of the docstring style conventions in PEP 257
[1.322s] -- Added test 'xmllint' to check XML markup files
[1.324s] -- Configuring done
[1.331s] -- Generating done
[1.334s] -- Build files have been written to: /home/joshua/Desktop/ros2_ws/build/so100_robot
[1.345s] Invoked command in '/home/joshua/Desktop/ros2_ws/build/so100_robot' returned '0': CMAKE_PREFIX_PATH=${CMAKE_PREFIX_PATH}:/opt/ros/humble PS1=\u@\h:\w $(parse_git_branch)\$ /usr/bin/cmake /home/joshua/Desktop/ros2_ws/src/so100_robot -DAMENT_CMAKE_SYMLINK_INSTALL=1 -DCMAKE_INSTALL_PREFIX=/home/joshua/Desktop/ros2_ws/install/so100_robot
[1.348s] Invoking command in '/home/joshua/Desktop/ros2_ws/build/so100_robot': CMAKE_PREFIX_PATH=${CMAKE_PREFIX_PATH}:/opt/ros/humble PS1=\u@\h:\w $(parse_git_branch)\$ /usr/bin/cmake --build /home/joshua/Desktop/ros2_ws/build/so100_robot -- -j12 -l12
[1.394s] Invoked command in '/home/joshua/Desktop/ros2_ws/build/so100_robot' returned '0': CMAKE_PREFIX_PATH=${CMAKE_PREFIX_PATH}:/opt/ros/humble PS1=\u@\h:\w $(parse_git_branch)\$ /usr/bin/cmake --build /home/joshua/Desktop/ros2_ws/build/so100_robot -- -j12 -l12
[1.405s] Invoking command in '/home/joshua/Desktop/ros2_ws/build/so100_robot': CMAKE_PREFIX_PATH=${CMAKE_PREFIX_PATH}:/opt/ros/humble PS1=\u@\h:\w $(parse_git_branch)\$ /usr/bin/cmake --install /home/joshua/Desktop/ros2_ws/build/so100_robot
[1.412s] -- Install configuration: ""
[1.412s] -- Execute custom install script
[1.413s] -- Symlinking: /home/joshua/Desktop/ros2_ws/install/so100_robot/share/so100_robot/launch/spawn.launch.py
[1.422s] -- Symlinking: /home/joshua/Desktop/ros2_ws/install/so100_robot/share/ament_index/resource_index/package_run_dependencies/so100_robot
[1.431s] -- Symlinking: /home/joshua/Desktop/ros2_ws/install/so100_robot/share/ament_index/resource_index/parent_prefix_path/so100_robot
[1.440s] -- Symlinking: /home/joshua/Desktop/ros2_ws/install/so100_robot/share/so100_robot/environment/ament_prefix_path.sh
[1.450s] -- Symlinking: /home/joshua/Desktop/ros2_ws/install/so100_robot/share/so100_robot/environment/ament_prefix_path.dsv
[1.459s] -- Symlinking: /home/joshua/Desktop/ros2_ws/install/so100_robot/share/so100_robot/environment/path.sh
[1.468s] -- Symlinking: /home/joshua/Desktop/ros2_ws/install/so100_robot/share/so100_robot/environment/path.dsv
[1.477s] -- Symlinking: /home/joshua/Desktop/ros2_ws/install/so100_robot/share/so100_robot/local_setup.bash
[1.486s] -- Symlinking: /home/joshua/Desktop/ros2_ws/install/so100_robot/share/so100_robot/local_setup.sh
[1.495s] -- Symlinking: /home/joshua/Desktop/ros2_ws/install/so100_robot/share/so100_robot/local_setup.zsh
[1.504s] -- Symlinking: /home/joshua/Desktop/ros2_ws/install/so100_robot/share/so100_robot/local_setup.dsv
[1.513s] -- Symlinking: /home/joshua/Desktop/ros2_ws/install/so100_robot/share/so100_robot/package.dsv
[1.522s] -- Symlinking: /home/joshua/Desktop/ros2_ws/install/so100_robot/share/ament_index/resource_index/packages/so100_robot
[1.531s] -- Symlinking: /home/joshua/Desktop/ros2_ws/install/so100_robot/share/so100_robot/cmake/so100_robotConfig.cmake
[1.540s] -- Symlinking: /home/joshua/Desktop/ros2_ws/install/so100_robot/share/so100_robot/cmake/so100_robotConfig-version.cmake
[1.549s] -- Symlinking: /home/joshua/Desktop/ros2_ws/install/so100_robot/share/so100_robot/package.xml
[1.560s] Invoked command in '/home/joshua/Desktop/ros2_ws/build/so100_robot' returned '0': CMAKE_PREFIX_PATH=${CMAKE_PREFIX_PATH}:/opt/ros/humble PS1=\u@\h:\w $(parse_git_branch)\$ /usr/bin/cmake --install /home/joshua/Desktop/ros2_ws/build/so100_robot
